
David Andrés Bolaños@David MINGW64 ~
$ cd "/c/Users/David Andrés Bolaños/Documents/Ciencia de datos/Repositorios"

David Andrés Bolaños@David MINGW64 ~/Documents/Ciencia de datos/Repositorios (master)
$ ls

David Andrés Bolaños@David MINGW64 ~/Documents/Ciencia de datos/Repositorios (master)
$ ls -la
total 4
drwxr-xr-x 1 David Andrés Bolaños 197121 0 may. 20 18:56 ./
drwxr-xr-x 1 David Andrés Bolaños 197121 0 may. 20 18:37 ../
drwxr-xr-x 1 David Andrés Bolaños 197121 0 may. 20 18:57 .git/

David Andrés Bolaños@David MINGW64 ~/Documents/Ciencia de datos/Repositorios (master)
$ git init
Reinitialized existing Git repository in C:/Users/David Andrés Bolaños/Documents/Ciencia de datos/Repositorios/.git/

David Andrés Bolaños@David MINGW64 ~/Documents/Ciencia de datos/Repositorios (master)
$ ls -la
total 4
drwxr-xr-x 1 David Andrés Bolaños 197121 0 may. 20 18:56 ./
drwxr-xr-x 1 David Andrés Bolaños 197121 0 may. 20 18:37 ../
drwxr-xr-x 1 David Andrés Bolaños 197121 0 may. 20 19:08 .git/

David Andrés Bolaños@David MINGW64 ~/Documents/Ciencia de datos/Repositorios (master)
$ rm -rf .git

David Andrés Bolaños@David MINGW64 ~/Documents/Ciencia de datos/Repositorios
$ ls -la
total 0
drwxr-xr-x 1 David Andrés Bolaños 197121 0 may. 20 19:09 ./
drwxr-xr-x 1 David Andrés Bolaños 197121 0 may. 20 18:37 ../

David Andrés Bolaños@David MINGW64 ~/Documents/Ciencia de datos/Repositorios
$ git init
Initialized empty Git repository in C:/Users/David Andrés Bolaños/Documents/Ciencia de datos/Repositorios/.git/

David Andrés Bolaños@David MINGW64 ~/Documents/Ciencia de datos/Repositorios (master)
$ ls -la
total 4
drwxr-xr-x 1 David Andrés Bolaños 197121 0 may. 20 19:09 ./
drwxr-xr-x 1 David Andrés Bolaños 197121 0 may. 20 18:37 ../
drwxr-xr-x 1 David Andrés Bolaños 197121 0 may. 20 19:09 .git/

David Andrés Bolaños@David MINGW64 ~/Documents/Ciencia de datos/Repositorios (master)
$ git status
On branch master

No commits yet

nothing to commit (create/copy files and use "git add" to track)

David Andrés Bolaños@David MINGW64 ~/Documents/Ciencia de datos/Repositorios (master)
$ git clone https://github.com/jakevdp/PythonDataScienceHandbook.git
Cloning into 'PythonDataScienceHandbook'...
remote: Enumerating objects: 1515, done.
remote: Total 1515 (delta 0), reused 0 (delta 0), pack-reused 1515
Receiving objects: 100% (1515/1515), 33.14 MiB | 731.00 KiB/s, done.
Resolving deltas: 100% (1001/1001), done.

David Andrés Bolaños@David MINGW64 ~/Documents/Ciencia de datos/Repositorios (master)
$ ls -la
total 8
drwxr-xr-x 1 David Andrés Bolaños 197121 0 may. 20 19:19 ./
drwxr-xr-x 1 David Andrés Bolaños 197121 0 may. 20 18:37 ../
drwxr-xr-x 1 David Andrés Bolaños 197121 0 may. 20 19:10 .git/
drwxr-xr-x 1 David Andrés Bolaños 197121 0 may. 20 19:20 PythonDataScienceHandbook/

David Andrés Bolaños@David MINGW64 ~/Documents/Ciencia de datos/Repositorios (master)
$ cd "/c/Users/David Andrés Bolaños/Documents/Ciencia de datos/Repositorios/PytonDataScienceHandbook/"
bash: cd: /c/Users/David Andrés Bolaños/Documents/Ciencia de datos/Repositorios/PytonDataScienceHandbook/: No such file or directory

David Andrés Bolaños@David MINGW64 ~/Documents/Ciencia de datos/Repositorios (master)
$ cd "/c/Users/David Andrés Bolaños/Documents/Ciencia de datos/Repositorios/PytonDataScienceHandbook"
bash: cd: /c/Users/David Andrés Bolaños/Documents/Ciencia de datos/Repositorios/PytonDataScienceHandbook: No such file or directory

David Andrés Bolaños@David MINGW64 ~/Documents/Ciencia de datos/Repositorios (master)
$ cd "/c/Users/David Andrés Bolaños/Documents/Ciencia de datos/Repositorios/PythonDataScienceHandbook"

David Andrés Bolaños@David MINGW64 ~/Documents/Ciencia de datos/Repositorios/PythonDataScienceHandbook (master)
$ ls -la
total 71
drwxr-xr-x 1 David Andrés Bolaños 197121     0 may. 20 19:20 ./
drwxr-xr-x 1 David Andrés Bolaños 197121     0 may. 20 19:19 ../
drwxr-xr-x 1 David Andrés Bolaños 197121     0 may. 20 19:20 .git/
-rw-r--r-- 1 David Andrés Bolaños 197121  1341 may. 20 19:20 .gitignore
-rw-r--r-- 1 David Andrés Bolaños 197121   265 may. 20 19:20 .gitmodules
-rw-r--r-- 1 David Andrés Bolaños 197121   123 may. 20 19:20 environment.yml
-rw-r--r-- 1 David Andrés Bolaños 197121  1104 may. 20 19:20 LICENSE-CODE
-rw-r--r-- 1 David Andrés Bolaños 197121 18958 may. 20 19:20 LICENSE-TEXT
drwxr-xr-x 1 David Andrés Bolaños 197121     0 may. 20 19:20 notebooks/
-rw-r--r-- 1 David Andrés Bolaños 197121  3757 may. 20 19:20 README.md
-rw-r--r-- 1 David Andrés Bolaños 197121   228 may. 20 19:20 requirements.txt
drwxr-xr-x 1 David Andrés Bolaños 197121     0 may. 20 19:20 tools/
drwxr-xr-x 1 David Andrés Bolaños 197121     0 may. 20 19:20 website/

David Andrés Bolaños@David MINGW64 ~/Documents/Ciencia de datos/Repositorios/PythonDataScienceHandbook (master)
$ cd

David Andrés Bolaños@David MINGW64 ~
$ cd "/c/Users/David Andrés Bolaños/Documents/Ciencia de datos/Repositorios/"

David Andrés Bolaños@David MINGW64 ~/Documents/Ciencia de datos/Repositorios (master)
$
